Copyright 1986-2019 Xilinx, Inc. All Rights Reserved.
---------------------------------------------------------------------------------------------
| Tool Version : Vivado v.2019.1 (lin64) Build 2552052 Fri May 24 14:47:09 MDT 2019
| Date         : Fri Jan  8 13:59:47 2021
| Host         : monx-PC running 64-bit Ubuntu 20.04.1 LTS
| Command      : report_control_sets -verbose -file design_2_wrapper_control_sets_placed.rpt
| Design       : design_2_wrapper
| Device       : xc7a35t
---------------------------------------------------------------------------------------------

Control Set Information

Table of Contents
-----------------
1. Summary
2. Histogram
3. Flip-Flop Distribution
4. Detailed Control Set Information

1. Summary
----------

+----------------------------------------------------------+-------+
|                          Status                          | Count |
+----------------------------------------------------------+-------+
| Total control sets                                       |    14 |
|    Minimum number of control sets                        |    14 |
|    Addition due to synthesis replication                 |     0 |
|    Addition due to physical synthesis replication        |     0 |
| Unused register locations in slices containing registers |    65 |
+----------------------------------------------------------+-------+
* Control sets can be merged at opt_design using control_set_merge or merge_equivalent_drivers
** Run report_qor_suggestions for automated merging and remapping suggestions


2. Histogram
------------

+--------------------+-------+
|       Fanout       | Count |
+--------------------+-------+
| Total control sets |    14 |
| >= 0 to < 4        |     5 |
| >= 4 to < 6        |     1 |
| >= 6 to < 8        |     2 |
| >= 8 to < 10       |     0 |
| >= 10 to < 12      |     2 |
| >= 12 to < 14      |     3 |
| >= 14 to < 16      |     0 |
| >= 16              |     1 |
+--------------------+-------+
* Control sets can be remapped at either synth_design or opt_design


3. Flip-Flop Distribution
-------------------------

+--------------+-----------------------+------------------------+-----------------+--------------+
| Clock Enable | Synchronous Set/Reset | Asynchronous Set/Reset | Total Registers | Total Slices |
+--------------+-----------------------+------------------------+-----------------+--------------+
| No           | No                    | No                     |               6 |            3 |
| No           | No                    | Yes                    |              15 |            5 |
| No           | Yes                   | No                     |               0 |            0 |
| Yes          | No                    | No                     |              22 |            4 |
| Yes          | No                    | Yes                    |              60 |           17 |
| Yes          | Yes                   | No                     |               0 |            0 |
+--------------+-----------------------+------------------------+-----------------+--------------+


4. Detailed Control Set Information
-----------------------------------

+-------------------------------------------+------------------------------------------------------------------------------------------+---------------------------------------+------------------+----------------+
|                Clock Signal               |                                       Enable Signal                                      |            Set/Reset Signal           | Slice Load Count | Bel Load Count |
+-------------------------------------------+------------------------------------------------------------------------------------------+---------------------------------------+------------------+----------------+
|  design_2_i/clk_wiz_1/inst/clk_out1       | design_2_i/USB_FIFO_0/inst/rd_n_q_i_1_n_0                                                | design_2_i/util_vector_logic_0/Res[0] |                1 |              1 |
|  design_2_i/clk_wiz_1/inst/clk_out1       | design_2_i/USB_FIFO_0/inst/wr_n_q_i_1_n_0                                                | design_2_i/util_vector_logic_0/Res[0] |                1 |              1 |
|  design_2_i/USB_FIFO_0/inst/new_input_Clk |                                                                                          | design_2_i/USB_FIFO_0/inst/output_led |                1 |              1 |
|  design_2_i/clk_wiz_1/inst/clk_out1       | design_2_i/USB_FIFO_0/inst/counter[1]_i_1_n_0                                            | design_2_i/util_vector_logic_0/Res[0] |                1 |              2 |
|  design_2_i/clk_wiz_1/inst/clk_out2       |                                                                                          | design_2_i/USB_FIFO_0/inst/output_led |                1 |              2 |
|  design_2_i/clk_wiz_1/inst/clk_out2       | design_2_i/MPairStorageControll_0/inst/g_GENERATE_FOR[0].record_delay_counter[3]_i_1_n_0 | design_2_i/USB_FIFO_0/inst/output_led |                1 |              4 |
|  design_2_i/clk_wiz_1/inst/clk_out1       |                                                                                          |                                       |                3 |              6 |
|  design_2_i/clk_wiz_1/inst/clk_out1       | design_2_i/USB_FIFO_0/inst/FSM_onehot_state[5]_i_1_n_0                                   | design_2_i/util_vector_logic_0/Res[0] |                2 |              6 |
|  design_2_i/clk_wiz_1/inst/clk_out1       | design_2_i/USB_FIFO_0/inst/LSB0                                                          |                                       |                2 |             10 |
|  design_2_i/USB_FIFO_0/inst/new_input_Clk | design_2_i/MPairStorageControll_0/inst/IntRdAddr[0][10]_i_1_n_0                          | design_2_i/USB_FIFO_0/inst/output_led |                3 |             11 |
|  design_2_i/clk_wiz_1/inst/clk_out2       | design_2_i/MPairStorageControll_0/inst/g_GENERATE_FOR[0].IntDataIn[11]_i_1_n_0           |                                       |                2 |             12 |
|  design_2_i/clk_wiz_1/inst/clk_out3       |                                                                                          | design_2_i/USB_FIFO_0/inst/output_led |                3 |             12 |
|  design_2_i/clk_wiz_1/inst/clk_out2       | design_2_i/MPairStorageControll_0/inst/g_GENERATE_FOR[0].rep_delay_counter[0]_i_1_n_0    | design_2_i/USB_FIFO_0/inst/output_led |                4 |             13 |
|  design_2_i/clk_wiz_1/inst/clk_out2       | design_2_i/MPairStorageControll_0/inst/g_GENERATE_FOR[0].IntWrAddr[0][10]_i_1_n_0        | design_2_i/USB_FIFO_0/inst/output_led |                4 |             22 |
+-------------------------------------------+------------------------------------------------------------------------------------------+---------------------------------------+------------------+----------------+


